{
  "status": "passed",
  "benchmark": false,
  "model_mode": "fixture",
  "fixture_contains_final_patch": false,
  "before": [
    true,
    true,
    false,
    true
  ],
  "after": [
    true,
    false,
    false,
    false
  ],
  "expected": [
    true,
    false,
    false,
    false
  ],
  "model_calls": 1,
  "git_apply_check": true,
  "original_unchanged": true,
  "batch_directory": "/mnt/data/交付复检/smoke-output/result/method/boundary_repair/offline-smoke",
  "formal_evaluation_run": false
}
